<?xml version="1.0" encoding="UTF-8"?>
<TestRun id="fccd0dbb-f917-4fc3-812b-71c90b51938f" name="Administrator@0JC5E4J89IIGSFK 2019-04-05 23:21:30" runUser="0JC5E4J89IIGSFK\Administrator" xmlns="http://microsoft.com/schemas/VisualStudio/TeamTest/2010">
  <TestSettings name="Local" id="28d37e11-905d-48f5-94df-ac22f24a05af">
    <Description>These are default test settings for a local test run.</Description>
    <Deployment runDeploymentRoot="Administrator_0JC5E4J89IIGSFK 2019-04-05 23_21_30">
      <DeploymentItem filename="C:\Users\Administrator\Desktop\QuanLyQuanCF\QuanLyQuanCF\bin\Debug\QuanLyQuanCF.exe" />
    </Deployment>
    <Execution>
      <TestTypeSpecific>
        <UnitTestRunConfig testTypeId="13cdc9d9-ddb5-4fa4-a97d-d965ccfc6d4b">
          <AssemblyResolution>
            <TestDirectory useLoadContext="true" />
          </AssemblyResolution>
        </UnitTestRunConfig>
        <WebTestRunConfiguration testTypeId="4e7599fa-5ecb-43e9-a887-cd63cf72d207">
          <Browser name="Internet Explorer 7.0">
            <Headers>
              <Header name="User-Agent" value="Mozilla/4.0 (compatible; MSIE 7.0; Windows NT 5.1)" />
              <Header name="Accept" value="*/*" />
              <Header name="Accept-Language" value="{{$IEAcceptLanguage}}" />
              <Header name="Accept-Encoding" value="GZIP" />
            </Headers>
          </Browser>
        </WebTestRunConfiguration>
      </TestTypeSpecific>
      <AgentRule name="LocalMachineDefaultRole">
      </AgentRule>
    </Execution>
  </TestSettings>
  <Times creation="2019-04-05T23:21:30.1251486+07:00" queuing="2019-04-05T23:21:32.4622823+07:00" start="2019-04-05T23:21:32.8353036+07:00" finish="2019-04-05T23:21:38.3996219+07:00" />
  <ResultSummary outcome="Failed">
    <Counters total="7" executed="7" passed="6" error="0" failed="1" timeout="0" aborted="0" inconclusive="0" passedButRunAborted="0" notRunnable="0" notExecuted="0" disconnected="0" warning="0" completed="0" inProgress="0" pending="0" />
  </ResultSummary>
  <TestDefinitions>
    <UnitTest name="TestQuanLyThucAn" storage="d:\testlogin\testlogin\bin\debug\testlogin.dll" id="df7e0222-d733-2d06-3b64-bdc6c3c19ed5">
      <DeploymentItems>
        <DeploymentItem filename="TestLogin\TestData.csv" />
      </DeploymentItems>
      <Execution id="951c9fca-c584-42fc-a1b8-ce75e77b74cb" />
      <TestMethod codeBase="D:/TestLogin/TestLogin/bin/Debug/TestLogin.DLL" adapterTypeName="Microsoft.VisualStudio.TestTools.TestTypes.Unit.UnitTestAdapter, Microsoft.VisualStudio.QualityTools.Tips.UnitTest.Adapter, Version=10.0.0.0, Culture=neutral, PublicKeyToken=b03f5f7f11d50a3a" className="TestLogin.UnitTest1, TestLogin, Version=1.0.0.0, Culture=neutral, PublicKeyToken=null" name="TestQuanLyThucAn" />
      <DataSource connectionString="|DataDirectory|\TestQuanLyThucAn.csv" providerInvariantName="Microsoft.VisualStudio.TestTools.DataSource.CSV" tableName="TestQuanLyThucAn#csv" />
    </UnitTest>
    <UnitTest name="TestLogin" storage="d:\testlogin\testlogin\bin\debug\testlogin.dll" id="8276a061-e630-7f55-6667-ffdda0dec24b">
      <DeploymentItems>
        <DeploymentItem filename="TestLogin\TestData.csv" />
      </DeploymentItems>
      <Execution id="1dcca290-33b1-40a0-bf0f-738c8405fb8e" />
      <TestMethod codeBase="D:/TestLogin/TestLogin/bin/Debug/TestLogin.DLL" adapterTypeName="Microsoft.VisualStudio.TestTools.TestTypes.Unit.UnitTestAdapter, Microsoft.VisualStudio.QualityTools.Tips.UnitTest.Adapter, Version=10.0.0.0, Culture=neutral, PublicKeyToken=b03f5f7f11d50a3a" className="TestLogin.UnitTest1, TestLogin, Version=1.0.0.0, Culture=neutral, PublicKeyToken=null" name="TestLogin" />
      <DataSource connectionString="|DataDirectory|\TestData.csv" providerInvariantName="Microsoft.VisualStudio.TestTools.DataSource.CSV" tableName="TestData#csv" />
    </UnitTest>
  </TestDefinitions>
  <TestLists>
    <TestList name="Results Not in a List" id="8c84fa94-04c1-424b-9868-57a2d4851a1d" />
    <TestList name="All Loaded Results" id="19431567-8539-422a-85d7-44ee4e166bda" />
  </TestLists>
  <TestEntries>
    <TestEntry testId="8276a061-e630-7f55-6667-ffdda0dec24b" executionId="1dcca290-33b1-40a0-bf0f-738c8405fb8e" testListId="8c84fa94-04c1-424b-9868-57a2d4851a1d" />
    <TestEntry testId="df7e0222-d733-2d06-3b64-bdc6c3c19ed5" executionId="951c9fca-c584-42fc-a1b8-ce75e77b74cb" testListId="8c84fa94-04c1-424b-9868-57a2d4851a1d" />
  </TestEntries>
  <Results>
    <UnitTestResult executionId="1dcca290-33b1-40a0-bf0f-738c8405fb8e" testId="8276a061-e630-7f55-6667-ffdda0dec24b" testName="TestLogin" computerName="0JC5E4J89IIGSFK" duration="00:00:02.1894192" startTime="2019-04-05T23:21:33.0523160+07:00" endTime="2019-04-05T23:21:37.7665857+07:00" testType="13cdc9d9-ddb5-4fa4-a97d-d965ccfc6d4b" outcome="Passed" testListId="8c84fa94-04c1-424b-9868-57a2d4851a1d" relativeResultsDirectory="1dcca290-33b1-40a0-bf0f-738c8405fb8e" resultType="DataDrivenTest">
      <Counters error="0" failed="0" timeout="0" aborted="0" inconclusive="0" passedButRunAborted="0" notRunnable="0" notExecuted="0" disconnected="0" warning="0" passed="5" completed="0" inProgress="0" pending="0" />
      <InnerResults>
        <UnitTestResult executionId="777cde55-31b0-4176-b23a-824d89ea9ef3" parentExecutionId="1dcca290-33b1-40a0-bf0f-738c8405fb8e" testId="8276a061-e630-7f55-6667-ffdda0dec24b" testName="TestLogin" computerName="0JC5E4J89IIGSFK" duration="00:00:00.8942055" startTime="2019-04-05T23:21:36.4285091+07:00" endTime="2019-04-05T23:21:37.3295607+07:00" testType="13cdc9d9-ddb5-4fa4-a97d-d965ccfc6d4b" outcome="Passed" testListId="8c84fa94-04c1-424b-9868-57a2d4851a1d" relativeResultsDirectory="1dcca290-33b1-40a0-bf0f-738c8405fb8e" dataRowInfo="0" resultType="DataDrivenDataRow" />
        <UnitTestResult executionId="8fb14fed-ac0d-4615-92fd-fb419c193183" parentExecutionId="1dcca290-33b1-40a0-bf0f-738c8405fb8e" testId="8276a061-e630-7f55-6667-ffdda0dec24b" testName="TestLogin" computerName="0JC5E4J89IIGSFK" duration="00:00:00.1529459" startTime="2019-04-05T23:21:37.3295607+07:00" endTime="2019-04-05T23:21:37.4825694+07:00" testType="13cdc9d9-ddb5-4fa4-a97d-d965ccfc6d4b" outcome="Passed" testListId="8c84fa94-04c1-424b-9868-57a2d4851a1d" relativeResultsDirectory="1dcca290-33b1-40a0-bf0f-738c8405fb8e" dataRowInfo="1" resultType="DataDrivenDataRow" />
        <UnitTestResult executionId="53f598d6-718c-4ec9-9726-9922879b4e96" parentExecutionId="1dcca290-33b1-40a0-bf0f-738c8405fb8e" testId="8276a061-e630-7f55-6667-ffdda0dec24b" testName="TestLogin" computerName="0JC5E4J89IIGSFK" duration="00:00:00.0801298" startTime="2019-04-05T23:21:37.4825694+07:00" endTime="2019-04-05T23:21:37.5635741+07:00" testType="13cdc9d9-ddb5-4fa4-a97d-d965ccfc6d4b" outcome="Passed" testListId="8c84fa94-04c1-424b-9868-57a2d4851a1d" relativeResultsDirectory="1dcca290-33b1-40a0-bf0f-738c8405fb8e" dataRowInfo="2" resultType="DataDrivenDataRow" />
        <UnitTestResult executionId="9e20a830-5929-48ae-8037-bfd5f7dc099e" parentExecutionId="1dcca290-33b1-40a0-bf0f-738c8405fb8e" testId="8276a061-e630-7f55-6667-ffdda0dec24b" testName="TestLogin" computerName="0JC5E4J89IIGSFK" duration="00:00:00.0417512" startTime="2019-04-05T23:21:37.5635741+07:00" endTime="2019-04-05T23:21:37.6045764+07:00" testType="13cdc9d9-ddb5-4fa4-a97d-d965ccfc6d4b" outcome="Passed" testListId="8c84fa94-04c1-424b-9868-57a2d4851a1d" relativeResultsDirectory="1dcca290-33b1-40a0-bf0f-738c8405fb8e" dataRowInfo="3" resultType="DataDrivenDataRow" />
        <UnitTestResult executionId="e2ebb9cd-4a25-45a8-bb85-193a2c92255d" parentExecutionId="1dcca290-33b1-40a0-bf0f-738c8405fb8e" testId="8276a061-e630-7f55-6667-ffdda0dec24b" testName="TestLogin" computerName="0JC5E4J89IIGSFK" duration="00:00:00.0408540" startTime="2019-04-05T23:21:37.6055765+07:00" endTime="2019-04-05T23:21:37.6455788+07:00" testType="13cdc9d9-ddb5-4fa4-a97d-d965ccfc6d4b" outcome="Passed" testListId="8c84fa94-04c1-424b-9868-57a2d4851a1d" relativeResultsDirectory="1dcca290-33b1-40a0-bf0f-738c8405fb8e" dataRowInfo="4" resultType="DataDrivenDataRow" />
      </InnerResults>
    </UnitTestResult>
    <UnitTestResult executionId="951c9fca-c584-42fc-a1b8-ce75e77b74cb" testId="df7e0222-d733-2d06-3b64-bdc6c3c19ed5" testName="TestQuanLyThucAn" computerName="0JC5E4J89IIGSFK" startTime="2019-04-05T23:21:37.7915871+07:00" endTime="2019-04-05T23:21:37.9645970+07:00" testType="13cdc9d9-ddb5-4fa4-a97d-d965ccfc6d4b" outcome="Failed" testListId="8c84fa94-04c1-424b-9868-57a2d4851a1d" relativeResultsDirectory="951c9fca-c584-42fc-a1b8-ce75e77b74cb" resultType="DataDrivenTest">
      <Output>
        <ErrorInfo>
          <Message>The unit test adapter failed to connect to the data source or to read the data. For more information on troubleshooting this error, see "Troubleshooting Data-Driven Unit Tests" (http://go.microsoft.com/fwlink/?LinkId=62412) in the MSDN Library.
Error details: The Microsoft Jet database engine could not find the object 'TestQuanLyThucAn.csv'.  Make sure the object exists and that you spell its name and the path name correctly.</Message>
        </ErrorInfo>
      </Output>
    </UnitTestResult>
  </Results>
</TestRun>